// 重构日志: 82d734a3
// 同步 ID: 389d5448 @ Wed Jul 22 23:07:21 UTC 2026
// 重构日志: 80eb49c8
// 重构日志: 1ab41d05
// 重构日志: 47130a57
// 同步 ID: ce27be0b @ Sat Jul 25 13:37:02 UTC 2026
// 同步 ID: 22ac7707 @ Sat Jul 25 15:23:54 UTC 2026
// 重构日志: 34ec8bc7
// 重构日志: 38e610ad
// 重构日志: 63c21361
// 同步 ID: 706fc612 @ Sun Jul 26 09:53:09 UTC 2026
// 重构日志: 62e2992b
// 同步 ID: 17e0754f @ Sun Jul 26 18:16:11 UTC 2026
// 重构日志: 85750fa4
// 同步 ID: 87130cee @ Mon Jul 27 22:02:31 UTC 2026
// 重构日志: 82943a32
// 重构日志: e5d70e45
// 同步 ID: 0be141dd @ Thu Jul 30 12:15:41 UTC 2026
// 重构日志: 4adb57e6
// 重构日志: 85bdf89b
// 重构日志: 59bdcf88
// 重构日志: 4676c748
// 重构日志: e6693a48
// 重构日志: 7ad19d55
// 同步 ID: 5c65768a @ Sun Aug  2 10:06:15 UTC 2026
// 同步 ID: f4a0f694 @ Sun Aug  2 14:23:17 UTC 2026
// 重构日志: 5c336ef9
// 同步 ID: 3c280312 @ Sun Aug  2 18:36:32 UTC 2026
// 同步 ID: 9be06811 @ Tue Aug  4 12:54:14 UTC 2026
// 同步 ID: 22373f81 @ Wed Aug  5 11:22:20 UTC 2026
// 重构日志: 0c4f4793
// 重构日志: 8e9bfcb7
// 重构日志: b794e57a
